### matches

### last 80 lines
shot title: 75879 bytes
shot new0: 106930 bytes
shot scenarios: 108550 bytes
shot new1: 111669 bytes
shot new2: 114524 bytes
shot new3: 91572 bytes
shot new4: 102286 bytes
shot new5: 110985 bytes
shot map: 185453 bytes
shot airport: 165455 bytes
shot planner: 149771 bytes
shot jobs: 100539 bytes
shot fleet: 101193 bytes
shot pilots: 101285 bytes
shot routes: 97172 bytes
shot bases: 96070 bytes
shot market: 110582 bytes
shot money: 106616 bytes
shot inbox: 130673 bytes
shot airline: 102031 bytes
shot issue: 110815 bytes
shot perks: 282764 bytes
shot tutorial1: 111972 bytes
shot tutorial2: 97665 bytes
shot tutorial3: 129220 bytes
